
/home/runner/work/exp-image-morphology-iitg/exp-image-morphology-iitg/experiment/simulation/js/main.js
   42:11  warning  'cv' is not defined  no-undef
   43:15  warning  'cv' is not defined  no-undef
   44:1   warning  'cv' is not defined  no-undef
   44:27  warning  'cv' is not defined  no-undef
   69:18  warning  'cv' is not defined  no-undef
   70:1   warning  'cv' is not defined  no-undef
   70:63  warning  'cv' is not defined  no-undef
   72:1   warning  'cv' is not defined  no-undef
   75:9   warning  'cv' is not defined  no-undef
   76:12  warning  'cv' is not defined  no-undef
   77:10  warning  'cv' is not defined  no-undef
   81:14  warning  'cv' is not defined  no-undef
   81:72  warning  'cv' is not defined  no-undef
   83:19  warning  'cv' is not defined  no-undef
   84:20  warning  'cv' is not defined  no-undef
   85:17  warning  'cv' is not defined  no-undef
   87:1   warning  'cv' is not defined  no-undef
   88:1   warning  'cv' is not defined  no-undef
   91:1   warning  'cv' is not defined  no-undef
   91:32  warning  'cv' is not defined  no-undef
   93:1   warning  'cv' is not defined  no-undef
   93:32  warning  'cv' is not defined  no-undef
   99:1   warning  'cv' is not defined  no-undef
  100:1   warning  'cv' is not defined  no-undef
  101:1   warning  'cv' is not defined  no-undef

✖ 25 problems (0 errors, 25 warnings)

